
Matrix exponential y=exp(t*A)*e, of the 2-D Laplacian, N=676 (26x26 grid)

 Computed vector at time t=0.3 has norm 27.7835

 The norm of the difference is <100*eps

