Test BV with indefinite inner product (n=10, k=5).
B-Norm of X[0] = -4.24264
Level of orthogonality < 100*eps
