Test BV block orthogonalization (length 20, l=2, k=8).
Level of orthogonality < 100*eps
