VecComp test
xc has max value 1.5 min value -4.2
wc/xc has max value 5.
