
SVD of a rectangular Grcar matrix, 36x32

 All requested singular values computed up to the required tolerance:
     3.22288, 3.22201, 3.17060, 3.16776

Level of orthogonality below the tolerance
