
Lauchli hyperbolic singular value decomposition, (51 x 50) mu=1.49012e-08

 All requested singular values computed up to the required tolerance:
     7.07107

Vec Object: 1 MPI process
  type: seq
-1.
1.
1.
1.
1.
1.
1.
1.
1.
1.
1.
1.
1.
1.
1.
1.
1.
1.
1.
1.
1.
1.
1.
1.
1.
1.
1.
1.
1.
1.
1.
1.
1.
1.
1.
1.
1.
1.
1.
1.
1.
1.
1.
1.
1.
1.
1.
1.
1.
1.
1.
