FN Object: 1 MPI processes
  type: rational
    Polynomial: -3.1*x^4+1.1*x^3+1*x^2-2*x^1+3.5
  f(2.2)=-56.9666
  f'(2.2)=-113.663
FN Object: 1 MPI processes
  type: rational
    Inverse polinomial: 1 / (-3.1*x^2+1.1*x^1+1)
  f(2.2)=-0.086326
  f'(2.2)=0.0934502
FN Object: 1 MPI processes
  type: rational
    Rational function: (+1.1*x^1+1.1) / (+1*x^2-2*x^1+3.5)
  f(2.2)=0.893401
  f'(2.2)=-0.265016
FN Object: 1 MPI processes
  type: rational
    Constant: 5.
  f(2.2)=5.
  f'(2.2)=0.
