
PEP of diagonal problem, n=6

  1 PEP converged value (error) #0 6. (removed)
  1 PEP converged value (error) #1 -6. (removed)
  1 PEP converged value (error) #2 5. (removed)
  1 PEP converged value (error) #3 -5. (removed)
  1 PEP converged value (error) #4 -4. (removed)
  1 PEP converged value (error) #5 4. (removed)
  1 PEP converged value (error) #6 3. (removed)
  1 PEP converged value (error) #7 -3. (removed)
  1 PEP converged value (error) #8 2. (removed)
  1 PEP converged value (error) #9 -2. (removed)
  1 PEP converged value (error) #10 -1.61803 (removed)
  1 PEP converged value (error) #11 0.618034 (removed)
  1 PEP nconv=12 Values (Errors) 6. (removed) -6. (removed) 5. (removed) -5. (removed) -4. (removed) 4. (removed) 3. (removed) -3. (removed) 2. (removed) -2. (removed) -1.61803 (removed) 0.618034 (removed)
PEP Object: pep 1 MPI processes
  type: toar
    TOAR: 50% of basis vectors kept after restart
    TOAR: using the locking variant
  polynomial represented in MONOMIAL basis
  selected portion of the spectrum: largest eigenvalues in magnitude
  number of eigenvalues (nev): 1
  number of column vectors (ncv): 12
  maximum dimension of projected problem (mpd): 12
  maximum number of iterations: 100
  convergence test: relative to the eigenvalue
  extraction type: NORM
BV Object: 1 MPI processes
  type: svec
  14 columns of global length 6
  vector orthogonalization method: classical Gram-Schmidt
  orthogonalization refinement: if needed (eta: 0.7071)
  block orthogonalization method: Gram-Schmidt
  doing matmult as a single matrix-matrix product
DS Object: 1 MPI processes
  type: nhep
ST Object: 1 MPI processes
  type: shift
  shift: 0.
  number of matrices: 3
  all matrices have different nonzero pattern
  KSP Object: (st_) 1 MPI processes
    type: preonly
    maximum iterations=10000, initial guess is zero
    left preconditioning
    using NONE norm type for convergence test
  PC Object: (st_) 1 MPI processes
    type: lu
      out-of-place factorization
      matrix ordering: nd
      factor fill ratio given 5., needed 1.
        Factored matrix follows:
          Mat Object: 1 MPI processes
            type: seqaij
            rows=6, cols=6
            package used to perform factorization: petsc
            total: nonzeros=6, allocated nonzeros=6
            total number of mallocs used during MatSetValues calls =0
              not using I-node routines
    linear system matrix = precond matrix:
    Mat Object: 1 MPI processes
      type: seqaij
      rows=6, cols=6
      total: nonzeros=6, allocated nonzeros=30
      total number of mallocs used during MatSetValues calls =0
        not using I-node routines
 Polynomial eigensolve did not converge due to DIVERGED_BREAKDOWN; iterations 1
Error_pep = [
removed
removed
removed
removed
removed
removed
removed
removed
removed
removed
removed
removed
];
 ---------------------- --------------------
            k                 eta(x,k)
 ---------------------- --------------------
        6.000000            removed
       -6.000000            removed
        5.000000            removed
       -5.000000            removed
       -4.000000            removed
        4.000000              removed
        3.000000            removed
       -3.000000            removed
        2.000000             removed
       -2.000000            removed
       -1.618034            removed
        0.618034            removed
 ---------------------- --------------------
Eigenvalues = 
   6.00000
   -6.00000
   5.00000
   -5.00000
   -4.00000
   4.00000
   3.00000
   -3.00000
   2.00000
   -2.00000
   -1.61803
   0.61803

     6.00000

