
Quadratic Eigenproblem, N=100 (10x10 grid)

 Linearization with companion form 1 with explicit matrix
 All requested eigenvalues computed up to the required tolerance:
     -0.00068+0.05414i

