Test BVMatMult (m=34, n=38, k=9).
Norm of error: 0.
