Test BV created from a sparse Mat (length 20, k=8).
Norm of difference < 100*eps
Level of orthogonality < 100*eps
