
1-D Nonlinear Eigenproblem, n=128

 Two-sided solve with deflation threshold=-1.
 All requested eigenvalues computed up to the required tolerance:
     24.22167

