
1-D Laplacian, n=10

ST type shift
Vec Object: 1 MPI process
  type: seq
0.996 - 0.41 i
0.
0.
0.
0.
0.
0.
0.
0.
1.004 + 0.39 i
With shift=0.1
Vec Object: 1 MPI process
  type: seq
0.896 - 0.409 i
-0.1 + 0.001 i
-0.1 + 0.001 i
-0.1 + 0.001 i
-0.1 + 0.001 i
-0.1 + 0.001 i
-0.1 + 0.001 i
-0.1 + 0.001 i
-0.1 + 0.001 i
0.904 + 0.391 i
Vec Object: 1 MPI process
  type: seq
0.904 + 0.391 i
-0.1 + 0.001 i
-0.1 + 0.001 i
-0.1 + 0.001 i
-0.1 + 0.001 i
-0.1 + 0.001 i
-0.1 + 0.001 i
-0.1 + 0.001 i
-0.1 + 0.001 i
0.896 - 0.409 i
Vec Object: 1 MPI process
  type: seq
0.896 - 0.409 i
-0.1 + 0.001 i
-0.1 + 0.001 i
-0.1 + 0.001 i
-0.1 + 0.001 i
-0.1 + 0.001 i
-0.1 + 0.001 i
-0.1 + 0.001 i
-0.1 + 0.001 i
0.904 + 0.391 i
ST type sinvert
With shift=0.1
Vec Object: 1 MPI process
  type: seq
6.53767 - 1.02417 i
9.17863 - 5.60738 i
6.47369 - 9.59425 i
0.67951 - 9.21205 i
-3.85223 - 3.76828 i
-3.7761 + 3.84456 i
0.863596 + 9.19662 i
6.66426 + 9.46287 i
9.28893 + 5.4227 i
6.55685 + 0.893226 i
With shift=-0.5
Vec Object: 1 MPI process
  type: seq
0.946903 + 0.418186 i
1.54262 + 0.438417 i
1.86985 + 0.318675 i
2.02652 + 0.174711 i
2.0857 + 0.0417648 i
2.08444 - 0.0834662 i
2.02263 - 0.215202 i
1.86311 - 0.356005 i
1.53355 - 0.469178 i
0.938351 - 0.437039 i
Vec Object: 1 MPI process
  type: seq
0.946903 + 0.418186 i
1.54262 + 0.438417 i
1.86985 + 0.318675 i
2.02652 + 0.174711 i
2.0857 + 0.0417648 i
2.08444 - 0.0834662 i
2.02263 - 0.215202 i
1.86311 - 0.356005 i
1.53355 - 0.469178 i
0.938351 - 0.437039 i
ST type cayley
With shift=-0.5, antishift=-0.5
Vec Object: 1 MPI process
  type: seq
0.0530971 - 0.428186 i
-0.542624 - 0.448417 i
-0.869852 - 0.328675 i
-1.02652 - 0.184711 i
-1.0857 - 0.0517648 i
-1.08444 + 0.0734662 i
-1.02263 + 0.205202 i
-0.863106 + 0.346005 i
-0.533548 + 0.459178 i
0.0616493 + 0.427039 i
With shift=1.1, antishift=1.1
Vec Object: 1 MPI process
  type: seq
107.331 + 13.9293 i
85.9352 - 21.4167 i
-28.246 + 21.0375 i
-63.7894 + 100.251 i
-13.3784 + 63.2526 i
-14.6406 - 62.9725 i
-65.7815 - 98.9556 i
-28.6611 - 20.4684 i
86.3463 + 19.6939 i
107.031 - 16.0729 i
With shift=1.1, antishift=-1.
Vec Object: 1 MPI process
  type: seq
5.83323 + 0.623603 i
4.86069 - 0.983033 i
-0.329365 + 0.946704 i
-1.94497 + 4.54733 i
0.346437 + 2.86557 i
0.289062 - 2.87193 i
-2.03552 - 4.50753 i
-0.348232 - 0.939928 i
4.87938 + 0.885633 i
5.81959 - 0.740132 i
Vec Object: 1 MPI process
  type: seq
-0.004 - 0.4 i
-1. + 0.01 i
-1. + 0.01 i
-1. + 0.01 i
-1. + 0.01 i
-1. + 0.01 i
-1. + 0.01 i
-1. + 0.01 i
-1. + 0.01 i
0.004 + 0.4 i
ST type sinvert
With shift=0.1
Vec Object: 1 MPI process
  type: seq
6.53767 - 1.02417 i
9.17863 - 5.60738 i
6.47369 - 9.59425 i
0.67951 - 9.21205 i
-3.85223 - 3.76828 i
-3.7761 + 3.84456 i
0.863596 + 9.19662 i
6.66426 + 9.46287 i
9.28893 + 5.4227 i
6.55685 + 0.893226 i
