Vec Object: 1 MPI process
  type: seq
-0.5 + 0.01 i
1.5
2.
0.
0.
0.
0.
0.
0.
0.
0.
0.
0.
0.
0.
0.
Vec Object: 1 MPI process
  type: seq
1.7127 - 0.244387 i
4.61124 + 0.350227 i
3.29414 + 0.104694 i
-1.43018 - 0.717743 i
-1.8078 + 0.141152 i
-0.508157 - 0.137 i
0.173592 + 0.0477819 i
1.18684 + 0.320602 i
1.005 - 0.220039 i
0.173592 + 0.0477819 i
-0.183148 - 0.0130636 i
-0.141827 - 0.154774 i
-0.938797 - 0.0711916 i
0.973624 - 0.0315887 i
0.141827 + 0.154774 i
0.812553 + 0.277048 i
Vec Object: 1 MPI process
  type: seq
-2.55156 - 0.905859 i
1.67854 - 0.0430639 i
4.4243 + 0.255616 i
3.86825 + 0.304034 i
-1.62662 - 0.216551 i
-0.583924 + 0.0602881 i
-0.20379 + 0.0587616 i
2.5667 - 0.200764 i
-0.200258 - 0.0958079 i
-0.20379 + 0.0587616 i
-0.180285 + 0.140278 i
1.36858 - 0.628507 i
-1.3529 + 0.159803 i
-0.226385 - 0.0609816 i
-1.36858 + 0.628507 i
1.02975 - 0.180593 i
Vec Object: 1 MPI process
  type: seq
-2.53442 + 0.985855 i
1.68431 + 0.0719101 i
4.42141 - 0.240039 i
3.87066 - 0.296697 i
-1.62085 + 0.245398 i
-0.585868 - 0.0368923 i
-0.205976 - 0.0505663 i
2.5607 + 0.216385 i
-0.203143 + 0.111385 i
-0.205976 - 0.0505663 i
-0.18575 - 0.132957 i
1.36858 + 0.628507 i
-1.3505 - 0.152466 i
-0.232376 + 0.0766029 i
-1.36858 - 0.628507 i
1.01344 + 0.202215 i
Vec Object: 1 MPI process
  type: seq
-1.5 + 0.6 i
-0.998 + 0.91 i
3.5 - 0.3 i
2. - 0.4 i
-0.498 + 0.11 i
1.5 - 0.3 i
2. - 0.4 i
0.
0.
0.
0.
0.
0.
0.
0.
0.
Vec Object: 1 MPI process
  type: seq
1.5 - 0.3 i
3.996 - 0.61 i
0.5 + 0.6 i
-2. + 0.8 i
0.496 - 0.21 i
-1.5 + 0.6 i
-2. + 0.8 i
0.
0.
0.
0.
0.
0.
0.
0.
0.
Vec Object: 1 MPI process
  type: seq
1.5 + 0.3 i
4.004 + 0.59 i
0.5 - 0.6 i
-2. - 0.8 i
0.504 + 0.19 i
-1.5 - 0.6 i
-2. - 0.8 i
0.
0.
0.
0.
0.
0.
0.
0.
0.
Vec Object: 1 MPI process
  type: seq
0.737565 - 0.0847957 i
1.03708 + 0.116742 i
0.431381 + 0.034898 i
-0.476725 - 0.239248 i
-0.602598 + 0.0470508 i
-0.169386 - 0.0456665 i
0.057864 + 0.0159273 i
0.395613 + 0.106867 i
0.334999 - 0.0733463 i
0.057864 + 0.0159273 i
-0.0610494 - 0.00435452 i
-0.0472757 - 0.0515912 i
-0.312932 - 0.0237305 i
0.324541 - 0.0105296 i
0.0472757 + 0.0515912 i
0.270851 + 0.0923492 i
Vec Object: 1 MPI process
  type: seq
-0.683854 - 0.305286 i
0.0595139 - 0.0143546 i
0.808099 + 0.0852052 i
1.28942 + 0.101345 i
-0.542206 - 0.0721838 i
-0.194641 + 0.020096 i
-0.0679299 + 0.0195872 i
0.855565 - 0.0669213 i
-0.0667528 - 0.031936 i
-0.0679299 + 0.0195872 i
-0.060095 + 0.0467592 i
0.456195 - 0.209502 i
-0.450968 + 0.0532678 i
-0.0754617 - 0.0203272 i
-0.456195 + 0.209502 i
0.34325 - 0.0601977 i
Vec Object: 1 MPI process
  type: seq
-0.678139 + 0.325285 i
0.0614369 + 0.02397 i
0.807137 - 0.0800129 i
1.29022 - 0.098899 i
-0.540283 + 0.0817992 i
-0.195289 - 0.0122974 i
-0.0686588 - 0.0168554 i
0.853568 + 0.0721284 i
-0.0677143 + 0.0371283 i
-0.0686588 - 0.0168554 i
-0.0619166 - 0.0443189 i
0.456195 + 0.209502 i
-0.450165 - 0.0508221 i
-0.0774588 + 0.0255343 i
-0.456195 - 0.209502 i
0.337814 + 0.0674049 i
Vec Object: 1 MPI process
  type: seq
1.7127 - 0.244387 i
4.61124 + 0.350227 i
3.29414 + 0.104694 i
-1.43018 - 0.717743 i
-1.8078 + 0.141152 i
-0.508157 - 0.137 i
0.173592 + 0.0477819 i
1.18684 + 0.320602 i
1.005 - 0.220039 i
0.173592 + 0.0477819 i
-0.183148 - 0.0130636 i
-0.141827 - 0.154774 i
-0.938797 - 0.0711916 i
0.973624 - 0.0315887 i
0.141827 + 0.154774 i
0.812553 + 0.277048 i
Vec Object: 1 MPI process
  type: seq
-2.55156 - 0.905859 i
1.67854 - 0.0430639 i
4.4243 + 0.255616 i
3.86825 + 0.304034 i
-1.62662 - 0.216551 i
-0.583924 + 0.0602881 i
-0.20379 + 0.0587616 i
2.5667 - 0.200764 i
-0.200258 - 0.0958079 i
-0.20379 + 0.0587616 i
-0.180285 + 0.140278 i
1.36858 - 0.628507 i
-1.3529 + 0.159803 i
-0.226385 - 0.0609816 i
-1.36858 + 0.628507 i
1.02975 - 0.180593 i
Vec Object: 1 MPI process
  type: seq
-2.53442 + 0.985855 i
1.68431 + 0.0719101 i
4.42141 - 0.240039 i
3.87066 - 0.296697 i
-1.62085 + 0.245398 i
-0.585868 - 0.0368923 i
-0.205976 - 0.0505663 i
2.5607 + 0.216385 i
-0.203143 + 0.111385 i
-0.205976 - 0.0505663 i
-0.18575 - 0.132957 i
1.36858 + 0.628507 i
-1.3505 - 0.152466 i
-0.232376 + 0.0766029 i
-1.36858 - 0.628507 i
1.01344 + 0.202215 i
