[0] <sys> SlepcInitialize(): SLEPc successfully started

Lyapunov equation, N=100 (10x10 grid)

[0] <mat:seqaij> MatSetUp_Seq_Hash(): Using hash-based MatSetValues() for MATSEQAIJ because no preallocation provided
[0] <mat:seqaij> MatAssemblyEnd_SeqAIJ(): Matrix size: 100 X 100; storage space: 0 unneeded,460 used
[0] <mat:seqaij> MatAssemblyEnd_SeqAIJ(): Number of mallocs during MatSetValues() is 0
[0] <mat:seqaij> MatAssemblyEnd_SeqAIJ(): Maximum nonzeros in any row is 5
[0] <mat:seqaij> MatCheckCompressedRow(): Found the ratio (num_zerorows 0)/(num_localrows 100) < 0.6. Do not use CompressedRow routines.
[0] <mat:seqaij> MatSeqAIJCheckInode(): Found 100 nodes out of 100 rows. Not using Inode routines
 Equation type set to 1
 Equation type changed to 0
 Solver being used: krylov
 Tolerance: -2., max iterations: 100
 Subspace dimension: 21
 Erroring out if convergence fails
[0] <mat:seqdense> MatConvert(): Check superclass seqdense seqdense -> 1
[0] <mat:seqdense> MatConvert(): Calling MatCopy
[0] <lme:krylov> LMEDenseHessLyapunovChol(): Residual norm of dense Lyapunov equation = (removed)
[0] <lme:krylov> LMEDenseHessLyapunovChol(): Residual norm of dense Lyapunov equation = (removed)
[0] <lme:krylov> LMEDenseHessLyapunovChol(): Residual norm of dense Lyapunov equation = (removed)
[0] <lme:krylov> LMEDenseHessLyapunovChol(): Residual norm of dense Lyapunov equation = (removed)
 Error estimate reported by the solver: 2.948e-10
[0] <mat:seqdense> MatConvert(): Check superclass seqdense seqdense -> 1
[0] <mat:seqdense> MatConvert(): Calling MatCopy
[0] <mat:seqdense> MatConvert(): Check superclass seqdense seqdense -> 1
[0] <mat:seqdense> MatConvert(): Calling MatCopy
[0] <mat:seqdense> MatProductSetFromOptions_Private(): MatProductType AB for A seqaij, B seqdense
 Computed residual norm: 4.03e-10

[0] <sys> SlepcFinalize(): SlepcFinalize() called
[0] <sys> PetscFinalize(): PetscFinalize() called
