Solve a Dense System of type HEP with compact storage - dimension 10.
DS Object: 1 MPI processes
  type: hep
  current state: raw
  dimensions: ld=12, n=10, l=2, k=5
  flags: compact
  solving the problem with: Implicit QR method (_steqr)
Initial - - - - - - - - -
%DS Object: 1 MPI processes
%  type: hep
% Size = 10 10
zzz = zeros(30,3);
zzz = [
1 1  1.0000000000000000e+00
2 2  2.0000000000000000e+00
3 3  3.0000000000000000e+00
4 4  4.0000000000000000e+00
5 5  5.0000000000000000e+00
6 6  6.0000000000000000e+00
7 7  7.0000000000000000e+00
8 8  8.0000000000000000e+00
9 9  9.0000000000000000e+00
10 10  1.0000000000000000e+01
6 1  0.0000000000000000e+00
1 6  0.0000000000000000e+00
6 2  0.0000000000000000e+00
2 6  0.0000000000000000e+00
6 3  1.0000000000000000e+00
3 6  1.0000000000000000e+00
6 4  1.0000000000000000e+00
4 6  1.0000000000000000e+00
6 5  1.0000000000000000e+00
5 6  1.0000000000000000e+00
7 6  1.0000000000000000e+00
6 7  1.0000000000000000e+00
8 7  1.0000000000000000e+00
7 8  1.0000000000000000e+00
9 8  1.0000000000000000e+00
8 9  1.0000000000000000e+00
10 9  1.0000000000000000e+00
9 10  1.0000000000000000e+00
];
T = spconvert(zzz);
Computed eigenvalues =
  1.00000
  2.00000
  10.74626
  9.21574
  8.10265
  7.16824
  5.92424
  4.66164
  3.64744
  2.53379
