
Shell Bethe-Salpeter eigenproblem, n=24

 All requested eigenvalues computed up to the required tolerance:
     2.32173, -2.32173, 2.38567, -2.38567

 Level of bi-orthogonality of eigenvectors < 100*eps

