
Spectrum-slicing test, N=1225 (35x35 grid)

 Restart parameter before changing = 0. ... changed to 0.4
 Detect zeros before changing = 0 ... changed to 1
 Locking flag before changing = 1 ... changed to 0
 Sub-solve dimensions before changing = [1,0,0] ... changed to [30,60,60]
 Using 2 partitions
 Using sub-interval separations =  1.2
 Inertias after EPSSetUp:
 .. 1.1 (252)
 .. 1.2 (280)
 .. 1.3 (310)
 Found 58 eigenvalues in interval [1.1,1.3]
 Found 58 eigenvalues, all of them computed up to the required tolerance:
     1.10211, 1.10246, 1.10648, 1.11960, 1.12089, 1.12148, 1.12415, 1.13450, 
     1.13572, 1.14709, 1.14728, 1.14809, 1.14924, 1.15566, 1.15803, 1.16204, 
     1.16778, 1.17231, 1.17747, 1.17749, 1.18085, 1.18085, 1.18177, 1.18210, 
     1.18411, 1.18853, 1.18897, 1.19257, 1.20621, 1.20738, 1.20802, 1.21041, 
     1.22174, 1.22252, 1.23396, 1.23396, 1.23447, 1.23505, 1.23542, 1.23833, 
     1.24132, 1.24681, 1.25307, 1.25834, 1.26265, 1.26267, 1.26752, 1.26755, 
     1.26871, 1.26890, 1.27090, 1.27383, 1.27418, 1.27919, 1.29289, 1.29289, 
     1.29385, 1.29680

 Process 0 has worked in sub-interval 0, containing 28 eigenvalues: 1.10211 1.10246 1.10648 1.1196 1.12089 1.12148 1.12415 1.1345 1.13572 1.14709 1.14728 1.14809 1.14924 1.15566 1.15803 1.16204 1.16778 1.17231 1.17747 1.17749 1.18085 1.18085 1.18177 1.1821 1.18411 1.18853 1.18897 1.19257 
 Process 1 has worked in sub-interval 1, containing 30 eigenvalues: 1.20621 1.20738 1.20802 1.21041 1.22174 1.22252 1.23396 1.23396 1.23447 1.23505 1.23542 1.23833 1.24132 1.24681 1.25307 1.25834 1.26265 1.26267 1.26752 1.26755 1.26871 1.2689 1.2709 1.27383 1.27418 1.27919 1.29289 1.29289 1.29385 1.2968 
 Process 0 owns 613 rows of the global matrices, and 1225 rows in the subcommunicator
 Process 1 owns 612 rows of the global matrices, and 1225 rows in the subcommunicator
