
Markov Model, N=120 (m=15)

 Number of requested eigenvalues: 3
 All requested eigenvalues computed up to the required tolerance:
     1.00000, 0.97137, 0.90423

