
Generalized Symmetric Eigenproblem, N=324 (18x18 grid)

 All requested eigenvalues computed up to the required tolerance:
     1.01793, 1.07460, 0.91672

Level of orthogonality below the tolerance
