
2-D Laplacian Eigenproblem (matrix-free version), N=100 (10x10 grid)

 Number of requested eigenvalues: 4
 All requested eigenvalues computed up to the required tolerance:
     7.83797, 7.60149, 7.60149, 7.36501

