eps type krylovschur

Reading matrix from binary file...

 All requested eigenvalues computed up to the required tolerance:
     6.92072, 5.80648, 5.45756

eps type arnoldi

Reading matrix from binary file...

 All requested eigenvalues computed up to the required tolerance:
     6.92072, 5.80648, 5.45756

eps type gd

Reading matrix from binary file...

 All requested eigenvalues computed up to the required tolerance:
     6.92072, 5.80648, 5.45756

eps type jd

Reading matrix from binary file...

 All requested eigenvalues computed up to the required tolerance:
     6.92072, 5.80648, 5.45756

eps type gd2

Reading matrix from binary file...

 All requested eigenvalues computed up to the required tolerance:
     6.92072, 5.80648, 5.45756

